// Jest Snapshot v1, https://goo.gl/fbAQLP

exports[`TransactionDetails page renders snapshots 1`] = `
<View
  accessible={true}
  isTVSelectable={true}
  onResponderGrant={[Function]}
  onResponderMove={[Function]}
  onResponderRelease={[Function]}
  onResponderTerminate={[Function]}
  onResponderTerminationRequest={[Function]}
  onStartShouldSetResponder={[Function]}
  style={
    Object {
      "flex": 1,
      "flexDirection": "column",
      "justifyContent": "flex-end",
    }
  }
>
  <View
    accessible={true}
    isTVSelectable={true}
    onResponderGrant={[Function]}
    onResponderMove={[Function]}
    onResponderRelease={[Function]}
    onResponderTerminate={[Function]}
    onResponderTerminationRequest={[Function]}
    onStartShouldSetResponder={[Function]}
    style={
      Object {
        "alignItems": "flex-start",
        "backgroundColor": "#EFF4FC",
        "borderTopLeftRadius": 12,
        "borderTopRightRadius": 12,
        "borderWidth": 0,
        "height": 510,
        "width": "100%",
      }
    }
  >
    <View
      style={
        Object {
          "flex": 1,
          "width": "100%",
        }
      }
    >
      <View
        style={
          Object {
            "alignItems": "center",
            "borderBottomColor": "#D8D8D8",
            "borderBottomWidth": 1,
            "flexDirection": "row",
            "height": 60,
            "justifyContent": "space-between",
            "paddingRight": 15,
            "paddingVertical": 15,
          }
        }
      >
        <View
          accessible={true}
          isTVSelectable={true}
          onResponderGrant={[Function]}
          onResponderMove={[Function]}
          onResponderRelease={[Function]}
          onResponderTerminate={[Function]}
          onResponderTerminationRequest={[Function]}
          onStartShouldSetResponder={[Function]}
          style={
            Object {
              "opacity": 1,
              "padding": 15,
            }
          }
        >
          <Image
            source={
              Object {
                "testUri": "../../../src/assets/close.png",
              }
            }
            style={
              Object {
                "height": 15,
                "resizeMode": "contain",
                "width": 15,
              }
            }
          />
        </View>
        <Text
          style={
            Object {
              "color": "#131313",
              "flex": 1,
              "fontFamily": "Lato-Bold",
              "fontSize": 18,
              "textAlign": "center",
            }
          }
        >
          Transaction details
        </Text>
        <View
          accessible={true}
          isTVSelectable={true}
          onResponderGrant={[Function]}
          onResponderMove={[Function]}
          onResponderRelease={[Function]}
          onResponderTerminate={[Function]}
          onResponderTerminationRequest={[Function]}
          onStartShouldSetResponder={[Function]}
          style={
            Object {
              "opacity": 1,
              "padding": 15,
            }
          }
        />
      </View>
      <View
        style={
          Object {
            "alignItems": "center",
            "borderBottomColor": "#D8D8D8",
            "borderBottomWidth": 1,
            "flexDirection": "row",
            "height": 60,
            "justifyContent": "space-between",
            "paddingHorizontal": 15,
          }
        }
      >
        <Text
          style={
            Object {
              "color": "#565656",
              "fontFamily": "Lato-Bold",
              "fontSize": 16,
              "lineHeight": 24,
              "width": 70,
            }
          }
        >
          To
        </Text>
        <Text
          style={
            Object {
              "color": "black",
              "flex": 1,
              "fontFamily": "Lato-Regular",
              "fontSize": 8,
              "marginBottom": 6,
              "marginLeft": 10,
              "marginTop": 8,
              "textAlign": "left",
            }
          }
        >
          
        </Text>
        <View
          accessible={true}
          isTVSelectable={true}
          onResponderGrant={[Function]}
          onResponderMove={[Function]}
          onResponderRelease={[Function]}
          onResponderTerminate={[Function]}
          onResponderTerminationRequest={[Function]}
          onStartShouldSetResponder={[Function]}
          style={
            Object {
              "opacity": 1,
            }
          }
        >
          <Image
            source={
              Object {
                "testUri": "../../../src/assets/copyIcon.png",
              }
            }
            style={
              Object {
                "resizeMode": "contain",
                "width": 20,
              }
            }
          />
        </View>
      </View>
      <View
        style={
          Object {
            "alignItems": "center",
            "borderBottomColor": "#D8D8D8",
            "borderBottomWidth": 1,
            "flexDirection": "row",
            "height": 60,
            "justifyContent": "space-between",
            "paddingHorizontal": 15,
          }
        }
      >
        <Text
          style={
            Object {
              "color": "#565656",
              "fontFamily": "Lato-Bold",
              "fontSize": 16,
              "lineHeight": 24,
              "width": 70,
            }
          }
        >
          Amount
        </Text>
        <Text
          style={
            Array [
              Object {
                "color": "black",
                "flex": 1,
                "fontFamily": "Lato-Regular",
                "fontSize": 16,
                "marginBottom": 8,
                "marginLeft": 10,
                "marginTop": 8,
                "textAlign": "left",
              },
              Object {
                "color": "red",
              },
            ]
          }
        >
          -  
          0
            LAX
        </Text>
      </View>
      <View
        style={
          Object {
            "alignItems": "center",
            "borderBottomColor": "#D8D8D8",
            "borderBottomWidth": 1,
            "flexDirection": "row",
            "height": 60,
            "justifyContent": "space-between",
            "paddingHorizontal": 15,
          }
        }
      >
        <Text
          style={
            Object {
              "color": "#565656",
              "fontFamily": "Lato-Bold",
              "fontSize": 16,
              "lineHeight": 24,
              "width": 70,
            }
          }
        >
          Status
        </Text>
        <Text
          style={
            Object {
              "color": "black",
              "flex": 1,
              "fontFamily": "Lato-Regular",
              "fontSize": 16,
              "marginBottom": 8,
              "marginLeft": 10,
              "marginTop": 8,
              "textAlign": "left",
            }
          }
        >
          -
        </Text>
      </View>
      <View
        style={
          Object {
            "alignItems": "center",
            "borderBottomColor": "#D8D8D8",
            "borderBottomWidth": 1,
            "flexDirection": "row",
            "height": 60,
            "justifyContent": "space-between",
            "paddingHorizontal": 15,
          }
        }
      >
        <Text
          style={
            Object {
              "color": "#565656",
              "fontFamily": "Lato-Bold",
              "fontSize": 16,
              "lineHeight": 24,
              "width": 70,
            }
          }
        >
          Date
        </Text>
        <Text
          style={
            Object {
              "color": "black",
              "flex": 1,
              "fontFamily": "Lato-Regular",
              "fontSize": 16,
              "marginBottom": 8,
              "marginLeft": 10,
              "marginTop": 8,
              "textAlign": "left",
            }
          }
        >
          -
        </Text>
      </View>
      <View
        style={
          Object {
            "alignItems": "center",
            "borderBottomColor": "#D8D8D8",
            "borderBottomWidth": 1,
            "flexDirection": "row",
            "height": 60,
            "justifyContent": "space-between",
            "paddingHorizontal": 15,
          }
        }
      >
        <Text
          style={
            Object {
              "color": "#565656",
              "fontFamily": "Lato-Bold",
              "fontSize": 16,
              "lineHeight": 24,
              "width": 70,
            }
          }
        >
          Note
        </Text>
        <Text
          style={
            Object {
              "color": "black",
              "flex": 1,
              "fontFamily": "Lato-Regular",
              "fontSize": 16,
              "marginBottom": 8,
              "marginLeft": 10,
              "marginTop": 8,
              "textAlign": "left",
            }
          }
        >
          
        </Text>
      </View>
      <View
        style={
          Object {
            "alignItems": "center",
            "borderBottomColor": "#D8D8D8",
            "borderBottomWidth": 1,
            "flexDirection": "row",
            "height": 60,
            "justifyContent": "space-between",
            "paddingHorizontal": 15,
          }
        }
      >
        <Text
          style={
            Object {
              "color": "#565656",
              "fontFamily": "Lato-Bold",
              "fontSize": 16,
              "lineHeight": 24,
              "width": 70,
            }
          }
        >
          Contact
        </Text>
        <Text
          style={
            Object {
              "color": "black",
              "flex": 1,
              "fontFamily": "Lato-Regular",
              "fontSize": 16,
              "marginBottom": 8,
              "marginLeft": 10,
              "marginTop": 8,
              "textAlign": "left",
            }
          }
        >
          
        </Text>
      </View>
      <View
        style={
          Object {
            "alignItems": "center",
            "flex": 1,
            "justifyContent": "center",
          }
        }
      >
        <View
          accessible={true}
          isTVSelectable={true}
          onResponderGrant={[Function]}
          onResponderMove={[Function]}
          onResponderRelease={[Function]}
          onResponderTerminate={[Function]}
          onResponderTerminationRequest={[Function]}
          onStartShouldSetResponder={[Function]}
          style={
            Object {
              "alignItems": "center",
              "backgroundColor": "#4183BD",
              "borderColor": "#BBCDEB",
              "borderRadius": 74,
              "borderWidth": 8,
              "height": 64,
              "justifyContent": "center",
              "marginHorizontal": 25,
              "opacity": 1,
              "width": "80%",
            }
          }
        >
          <Text
            style={
              Object {
                "color": "white",
                "fontFamily": "Lato-Regular",
                "fontSize": 18,
              }
            }
          >
            ADD TO CONTACTS
          </Text>
        </View>
      </View>
    </View>
  </View>
</View>
`;
