// Jest Snapshot v1, https://goo.gl/fbAQLP

exports[`ChooseContact page renders snapshots 1`] = `
<BVLinearGradient
  colors={
    Array [
      -12483651,
      -16172276,
    ]
  }
  endPoint={
    Object {
      "x": 1.2,
      "y": 1.2,
    }
  }
  locations={
    Array [
      0.04,
      0.96,
    ]
  }
  startPoint={
    Object {
      "x": -0.1,
      "y": -0.1,
    }
  }
  style={
    Object {
      "flex": 1,
    }
  }
>
  <RCTSafeAreaView
    style={
      Object {
        "flex": 1,
      }
    }
  >
    <View
      style={
        Object {
          "alignItems": "center",
          "flexDirection": "row",
          "height": 30,
          "justifyContent": "flex-start",
          "marginTop": 20,
        }
      }
    >
      <View
        accessible={true}
        isTVSelectable={true}
        onResponderGrant={[Function]}
        onResponderMove={[Function]}
        onResponderRelease={[Function]}
        onResponderTerminate={[Function]}
        onResponderTerminationRequest={[Function]}
        onStartShouldSetResponder={[Function]}
        style={
          Object {
            "opacity": 1,
          }
        }
      >
        <Image
          source={
            Object {
              "testUri": "../../../src/assets/back.png",
            }
          }
          style={
            Object {
              "flex": 1,
              "marginLeft": 12,
              "resizeMode": "contain",
              "width": 12,
            }
          }
        />
      </View>
      <Text
        style={
          Object {
            "alignItems": "center",
            "color": "white",
            "flex": 1,
            "fontFamily": "Lato-Bold",
            "fontSize": 18,
            "marginRight": 24,
            "textAlign": "center",
          }
        }
      >
        Choose contact
      </Text>
    </View>
    <View
      style={
        Object {
          "marginVertical": 15,
          "paddingHorizontal": 20,
        }
      }
    >
      <TextInput
        allowFontScaling={true}
        onChangeText={[Function]}
        style={
          Object {
            "borderColor": "white",
            "borderRadius": 15,
            "borderWidth": 1,
            "color": "white",
            "fontFamily": "Lato-Regular",
            "fontSize": 18,
            "height": 32,
            "paddingHorizontal": 10,
            "paddingVertical": 5,
          }
        }
        underlineColorAndroid="transparent"
      />
    </View>
    <View
      style={
        Object {
          "flex": 1,
          "paddingBottom": 20,
        }
      }
    >
      <RCTScrollView>
        <View />
      </RCTScrollView>
    </View>
  </RCTSafeAreaView>
</BVLinearGradient>
`;
