// Jest Snapshot v1, https://goo.gl/fbAQLP

exports[`SpinnerPage page renders snapshots 1`] = `null`;
