// Jest Snapshot v1, https://goo.gl/fbAQLP

exports[`SplashScreen page renders snapshots 1`] = `
<View
  style={
    Object {
      "flex": 1,
    }
  }
>
  <Image
    source={
      Object {
        "testUri": "../../../src/assets/backgoundStart.png",
      }
    }
    style={
      Array [
        Object {
          "bottom": 0,
          "left": 0,
          "position": "absolute",
          "right": 0,
          "top": 0,
        },
        Object {
          "height": undefined,
          "width": undefined,
        },
        undefined,
      ]
    }
  />
  <RCTSafeAreaView
    style={
      Object {
        "alignItems": "stretch",
        "flex": 1,
        "flexDirection": "column",
        "justifyContent": "space-between",
      }
    }
  >
    <View
      style={
        Object {
          "alignItems": "center",
          "flex": 2,
          "paddingTop": 60,
        }
      }
    >
      <Image
        source={
          Object {
            "testUri": "../../../src/assets/logo-medium-full.png",
          }
        }
        style={
          Object {
            "height": 180,
            "resizeMode": "contain",
          }
        }
      />
    </View>
  </RCTSafeAreaView>
</View>
`;
