// Jest Snapshot v1, https://goo.gl/fbAQLP

exports[`SearchInput component renders snapshots default 1`] = `
<View
  style={
    Object {
      "marginVertical": 15,
      "paddingHorizontal": 20,
    }
  }
>
  <TextInput
    allowFontScaling={true}
    onChangeText={[MockFunction]}
    style={
      Object {
        "borderColor": "white",
        "borderRadius": 15,
        "borderWidth": 1,
        "color": "white",
        "fontFamily": "Lato-Regular",
        "fontSize": 18,
        "height": 32,
        "paddingHorizontal": 10,
        "paddingVertical": 5,
      }
    }
    underlineColorAndroid="transparent"
  />
</View>
`;
