// Jest Snapshot v1, https://goo.gl/fbAQLP

exports[`Send modal renders snapshots 1`] = `
<View
  onLayout={[Function]}
  style={
    Object {
      "flex": 1,
      "justifyContent": "space-between",
    }
  }
>
  <View
    accessible={true}
    isTVSelectable={true}
    onResponderGrant={[Function]}
    onResponderMove={[Function]}
    onResponderRelease={[Function]}
    onResponderTerminate={[Function]}
    onResponderTerminationRequest={[Function]}
    onStartShouldSetResponder={[Function]}
    style={
      Object {
        "backgroundColor": "transparent",
        "flex": 1,
        "flexDirection": "column",
        "justifyContent": "flex-end",
      }
    }
  >
    <View
      accessible={true}
      isTVSelectable={true}
      onResponderGrant={[Function]}
      onResponderMove={[Function]}
      onResponderRelease={[Function]}
      onResponderTerminate={[Function]}
      onResponderTerminationRequest={[Function]}
      onStartShouldSetResponder={[Function]}
      style={
        Object {
          "alignItems": "flex-start",
          "backgroundColor": "#EFF4FC",
          "borderTopLeftRadius": 12,
          "borderTopRightRadius": 12,
          "height": 350,
          "width": "100%",
        }
      }
    >
      <View
        style={
          Object {
            "flex": 1,
            "width": "100%",
          }
        }
      >
        <View
          style={
            Object {
              "alignItems": "center",
              "borderBottomColor": "#D8D8D8",
              "borderBottomWidth": 1,
              "flexDirection": "row",
              "height": 60,
              "justifyContent": "space-between",
              "paddingRight": 15,
              "paddingVertical": 15,
            }
          }
        >
          <View
            accessible={true}
            isTVSelectable={true}
            onResponderGrant={[Function]}
            onResponderMove={[Function]}
            onResponderRelease={[Function]}
            onResponderTerminate={[Function]}
            onResponderTerminationRequest={[Function]}
            onStartShouldSetResponder={[Function]}
            style={
              Object {
                "opacity": 1,
                "padding": 15,
              }
            }
          >
            <Image
              source={
                Object {
                  "testUri": "../../../src/assets/close.png",
                }
              }
              style={
                Object {
                  "height": 15,
                  "resizeMode": "contain",
                  "width": 15,
                }
              }
            />
          </View>
          <Text
            style={
              Object {
                "color": "#131313",
                "fontFamily": "Lato-Bold",
                "fontSize": 18,
                "marginRight": 5,
              }
            }
          >
            Send
          </Text>
          <View
            accessible={true}
            isTVSelectable={true}
            onResponderGrant={[Function]}
            onResponderMove={[Function]}
            onResponderRelease={[Function]}
            onResponderTerminate={[Function]}
            onResponderTerminationRequest={[Function]}
            onStartShouldSetResponder={[Function]}
            style={
              Object {
                "opacity": 1,
              }
            }
          >
            <Image
              source={
                Object {
                  "testUri": "../../../src/assets/qr.png",
                }
              }
              style={
                Object {
                  "height": 20,
                  "marginTop": 2,
                  "resizeMode": "contain",
                  "width": 20,
                }
              }
            />
          </View>
        </View>
        <View
          style={
            Object {
              "alignItems": "center",
              "borderBottomColor": "#D8D8D8",
              "borderBottomWidth": 1,
              "flexDirection": "row",
              "height": 60,
              "justifyContent": "space-between",
              "paddingHorizontal": 15,
            }
          }
        >
          <Text
            style={
              Object {
                "color": "#565656",
                "fontFamily": "Lato-Bold",
                "fontSize": 16,
                "lineHeight": 24,
                "width": 65,
              }
            }
          >
            To
          </Text>
          <TextInput
            allowFontScaling={true}
            autoCapitalize="none"
            onChangeText={[Function]}
            style={
              Object {
                "color": "black",
                "flex": 1,
                "fontFamily": "Lato-Bold",
                "fontSize": 16,
                "marginBottom": 6,
                "marginLeft": 10,
                "marginTop": 8,
                "textAlign": "left",
              }
            }
            underlineColorAndroid="transparent"
            value=""
          />
          <View
            accessible={true}
            isTVSelectable={true}
            onResponderGrant={[Function]}
            onResponderMove={[Function]}
            onResponderRelease={[Function]}
            onResponderTerminate={[Function]}
            onResponderTerminationRequest={[Function]}
            onStartShouldSetResponder={[Function]}
            style={
              Object {
                "backgroundColor": "#BBCDEB",
                "borderRadius": 5,
                "justifyContent": "center",
                "marginLeft": 10,
                "opacity": 1,
                "paddingHorizontal": 10,
                "paddingVertical": 10,
              }
            }
          >
            <Image
              source={
                Object {
                  "testUri": "../../../src/assets/copyIcon.png",
                }
              }
              style={
                Object {
                  "height": 15,
                  "resizeMode": "contain",
                  "width": 15,
                }
              }
            />
          </View>
          <View
            accessible={true}
            isTVSelectable={true}
            onResponderGrant={[Function]}
            onResponderMove={[Function]}
            onResponderRelease={[Function]}
            onResponderTerminate={[Function]}
            onResponderTerminationRequest={[Function]}
            onStartShouldSetResponder={[Function]}
            style={
              Object {
                "backgroundColor": "#BBCDEB",
                "borderRadius": 5,
                "justifyContent": "center",
                "marginLeft": 10,
                "opacity": 1,
                "paddingHorizontal": 10,
                "paddingVertical": 10,
              }
            }
          >
            <Image
              source={
                Object {
                  "testUri": "../../../src/assets/users-2-icon.png",
                }
              }
              style={
                Object {
                  "height": 15,
                  "resizeMode": "contain",
                  "width": 15,
                }
              }
            />
          </View>
        </View>
        <View
          style={
            Object {
              "alignItems": "center",
              "borderBottomColor": "#D8D8D8",
              "borderBottomWidth": 1,
              "flexDirection": "row",
              "height": 60,
              "justifyContent": "space-between",
              "paddingHorizontal": 15,
            }
          }
        >
          <Text
            style={
              Object {
                "color": "#565656",
                "fontFamily": "Lato-Bold",
                "fontSize": 16,
                "lineHeight": 24,
                "width": 65,
              }
            }
          >
            Amount
          </Text>
          <TextInput
            allowFontScaling={true}
            keyboardType="numeric"
            onChangeText={[Function]}
            style={
              Object {
                "color": "black",
                "flex": 1,
                "fontFamily": "Lato-Bold",
                "fontSize": 16,
                "marginBottom": 6,
                "marginLeft": 10,
                "marginTop": 8,
                "textAlign": "left",
              }
            }
            underlineColorAndroid="transparent"
            value=""
          />
          <View
            accessible={true}
            isTVSelectable={true}
            onResponderGrant={[Function]}
            onResponderMove={[Function]}
            onResponderRelease={[Function]}
            onResponderTerminate={[Function]}
            onResponderTerminationRequest={[Function]}
            onStartShouldSetResponder={[Function]}
            style={
              Object {
                "backgroundColor": "#BBCDEB",
                "borderRadius": 5,
                "fontFamily": "Lato-Bold",
                "justifyContent": "center",
                "minWidth": 60,
                "opacity": 1,
                "paddingHorizontal": 10,
                "paddingVertical": 10,
              }
            }
          >
            <Text
              style={
                Object {
                  "color": "black",
                  "fontFamily": "Lato-Light",
                  "fontSize": 14,
                  "textAlign": "center",
                }
              }
            >
              LAX
            </Text>
          </View>
        </View>
        <View
          style={
            Object {
              "alignItems": "center",
              "borderBottomColor": "#D8D8D8",
              "borderBottomWidth": 1,
              "flexDirection": "row",
              "height": 60,
              "justifyContent": "space-between",
              "paddingHorizontal": 15,
            }
          }
        >
          <Text
            style={
              Object {
                "color": "#565656",
                "fontFamily": "Lato-Bold",
                "fontSize": 16,
                "lineHeight": 24,
                "width": 65,
              }
            }
          >
            Note
          </Text>
          <TextInput
            allowFontScaling={true}
            onChangeText={[Function]}
            style={
              Object {
                "color": "black",
                "flex": 1,
                "fontFamily": "Lato-Bold",
                "fontSize": 16,
                "marginBottom": 6,
                "marginLeft": 10,
                "marginTop": 8,
                "textAlign": "left",
              }
            }
            underlineColorAndroid="transparent"
            value=""
          />
        </View>
        <View
          style={
            Object {
              "alignItems": "center",
              "flex": 1,
              "justifyContent": "center",
            }
          }
        >
          <View
            style={
              Object {
                "alignItems": "center",
                "backgroundColor": "#BBCDEB",
                "borderRadius": 30,
                "flexDirection": "row",
                "height": 64,
                "justifyContent": "flex-start",
                "paddingHorizontal": 10,
                "width": "80%",
              }
            }
          >
            <View
              style={
                Object {
                  "alignItems": "center",
                  "height": 56,
                  "position": "absolute",
                  "top": 22,
                  "width": 600,
                }
              }
            >
              <Text
                style={
                  Object {
                    "color": "white",
                    "fontFamily": "Lato-Regular",
                    "fontSize": 18,
                  }
                }
              >
                SLIDE TO SEND
              </Text>
            </View>
            <View
              onMoveShouldSetResponder={[Function]}
              onMoveShouldSetResponderCapture={[Function]}
              onResponderEnd={[Function]}
              onResponderGrant={[Function]}
              onResponderMove={[Function]}
              onResponderReject={[Function]}
              onResponderRelease={[Function]}
              onResponderStart={[Function]}
              onResponderTerminate={[Function]}
              onResponderTerminationRequest={[Function]}
              onStartShouldSetResponder={[Function]}
              onStartShouldSetResponderCapture={[Function]}
              style={
                Object {
                  "alignItems": "center",
                  "backgroundColor": "#4183BD",
                  "borderRadius": 26,
                  "height": 52,
                  "justifyContent": "center",
                  "marginLeft": "-1%",
                  "width": 52,
                }
              }
            >
              <Image
                source={
                  Object {
                    "testUri": "../../../src/assets/sendButton.png",
                  }
                }
                style={
                  Object {
                    "resizeMode": "contain",
                    "width": 24,
                  }
                }
              />
            </View>
          </View>
        </View>
      </View>
    </View>
  </View>
</View>
`;
